
[33m# Tests
[0m
[G[32mâœ” sync [pass: 1, fail: 0][0m
[G[32mâœ” async [pass: 1, fail: 0][0m

[33m# Summary
[0m
[36mplanned: 2[0m
[36massertions: 2[0m
[32mpass: 2[0m
[36mfail: 0[0m

[33m# Comments
[0m
[36m[4m## sync[0m[0m
H1ello, 

[36m[4m## async[0m[0m
world!

