
[33m------------------------------------ Tests -------------------------------------
[0m
[G[32mâœ” t.plan [pass: 1, fail: 0][0m
[G[32mâœ” t.end [pass: 2, fail: 0][0m

[33m----------------------------------- Summary ------------------------------------
[0m
[36mplanned: 3[0m
[36massertions: 3[0m
[32mpass: 3[0m
[36mfail: 0[0m

